clrtoeol()
ch: '1'
ch: ','
ch: ' '
ch: '2'
ch: ','
ch: ' '
ch: '3'
ch: ','
ch: ' '
ch: '4'
ch: ','
ch: ' '
ch: '5'
ch: ','
ch: ' '
ch: '6'
ch: ','
ch: ' '
ch: '7'
ch: ','
ch: ' '
ch: '8'
ch: ','
ch: ' '
ch: '9'
ch: ','
ch: ' '
ch: '1'
ch: '0'
ch: ','
ch: ' '
ch: '1'
ch: '1'
ch: ','
ch: ' '
ch: '1'
ch: '2'
ch: ','
ch: ' '
ch: '1'
ch: '3'
ch: ','
ch: ' '
ch: '1'
ch: '4'
ch: ','
ch: ' '
ch: '1'
ch: '5'
ch: ','
ch: ' '
ch: '1'
ch: '6'
ch: ','
ch: ' '
ch: '1'
ch: '7'
ch: ','
ch: ' '
ch: '1'
ch: '8'
ch: ','
ch: ' '
ch: '1'
ch: '9'
ch: ','
ch: ' '
ch: '2'
ch: '0'
ch: ','
ch: ' '
ch: '2'
ch: '1'
ch: ','
ch: ' '
ch: '2'
ch: '2'
ch: ','
ch: ' '
ch: '\'
clrtoeol()
ch: 'a'
ch: 'b'
ch: 'c'
ch: 'd'
ch: 'e'
ch: 'f'
ch: 'g'
ch: 'h'
ch: 'i'
ch: 'j'
ch: 'k'
ch: 'l'
ch: 'm'
ch: 'n'
ch: 'o'
ch: 'p'
ch: 'q'
ch: 'r'
ch: 's'
ch: 't'
ch: 'u'
ch: 'v'
ch: 'w'
ch: 'x'
ch: 'y'
ch: 'z'
ch: ' '
ch: 'a'
ch: 'b'
ch: 'c'
ch: 'd'
ch: 'e'
ch: 'f'
ch: 'g'
ch: 'h'
ch: 'i'
ch: 'j'
ch: 'k'
ch: 'l'
ch: 'm'
ch: 'n'
ch: 'o'
ch: 'p'
ch: 'q'
ch: 'r'
ch: 's'
ch: 't'
ch: 'u'
ch: 'v'
ch: 'w'
ch: 'x'
ch: 'y'
ch: 'z'
ch: ' '
ch: 'a'
ch: 'b'
ch: 'c'
ch: 'd'
ch: 'e'
ch: 'f'
ch: 'g'
ch: 'h'
ch: 'i'
ch: 'j'
ch: 'k'
ch: 'l'
ch: 'm'
ch: 'n'
ch: 'o'
ch: 'p'
ch: 'q'
ch: 'r'
ch: 's'
ch: 't'
ch: 'u'
ch: 'v'
ch: 'w'
ch: 'x'
ch: 'y'
ch: '\'
ch: '~'
clrtoeol()
ch: '~'
clrtoeol()
ch: '~'
clrtoeol()
ch: '~'
clrtoeol()
ch: '~'
clrtoeol()
ch: '~'
clrtoeol()
ch: '~'
clrtoeol()
ch: '~'
clrtoeol()
ch: '~'
clrtoeol()
ch: '~'
clrtoeol()
ch: '~'
clrtoeol()
ch: '~'
clrtoeol()
ch: '~'
clrtoeol()
ch: '~'
clrtoeol()
ch: '~'
clrtoeol()
ch: '~'
clrtoeol()
ch: '~'
clrtoeol()
ch: '~'
clrtoeol()
ch: '~'
clrtoeol()
ch: '~'
clrtoeol()
ch: '~'
clrtoeol()
ch: '~'
clrtoeol()
ch: ':'
clrtoeol()
ch: 'w'
ch: 'q'
